// Jest Snapshot v1, https://goo.gl/fbAQLP

exports[`App.js THEN it should render component 1`] = `
<div
  className="App"
>
  <div>
    <header
      className="Header_container"
    >
      <img
        alt="logo"
        className="Header_logo"
        src="logo.png"
      />
      <h1
        className="Header_title"
      >
        React Programming Exercise
      </h1>
    </header>
    <div>
      <nav
        className="navbar navbar-expand-lg navbar-light bg-light"
      >
        <button
          aria-controls="navbarNav"
          aria-expanded="false"
          aria-label="Toggle navigation"
          className="navbar-toggler"
          data-target="#navbarNav"
          data-toggle="collapse"
          type="button"
        >
          <span
            className="navbar-toggler-icon"
          />
        </button>
        <div
          className="collapse navbar-collapse"
          id="navbarNav"
        >
          <ul
            className="navbar-nav"
          >
            <li
              className="nav-item"
            >
              <a
                className="nav-link"
                href="/"
                onClick={[Function]}
              >
                Home
              </a>
            </li>
          </ul>
        </div>
      </nav>
    </div>
  </div>
  <section
    className="container"
  >
    <h1>
      Boilerplate ready
    </h1>
  </section>
</div>
`;
